error: unexpected token: `]`
  --> $DIR/attr-bad-meta-2.rs:3:8
   |
LL | #[path =] //~ ERROR unexpected token: `]`
   |        ^

error: aborting due to previous error

